// Jest Snapshot v1, https://goo.gl/fbAQLP

exports[`<UnderConstruction /> Render must match regular 1`] = `
<div>
  <div
    class=""
  >
    Under construction
     
    <span
      aria-label="emoji"
      role="img"
    >
      ðŸ™‚
    </span>
  </div>
</div>
`;
